b17553fd-ba5a-4140-836c-491f938c515b
OK
48
1 1 0
2 1 0
1 2 1 3
2 2 1 3
1 2 2 4
2 2 2 4
1 1 5
2 1 5
1 1 2
2 1 2
1 2 1 5
2 2 1 5
1 2 0 4
2 2 0 4
1 1 3
2 1 3
2 3 15 17 19
1 3 14 16 18
3 22
0 2 23 24
2 3 21 17 19
1 3 20 16 18
3 26
0 2 27 28
1 2 25 29
2 3 7 9 11
1 3 6 8 10
3 31
0 2 32 33
2 3 13 9 11
1 3 12 8 10
3 35
0 2 36 37
1 2 34 38
0 2 39 30
2 4 15 17 19 21
1 4 14 16 18 20
3 41
0 2 42 43
1 1 44
2 4 7 9 11 13
1 4 6 8 10 12
3 46
0 2 47 48
1 1 49
0 2 50 45
3 40
0 2 51 52
