b17553fd-ba5a-4140-836c-491f938c515b
OK
44
1 1 0
2 1 0
1 1 1
2 1 1
1 1 2
2 1 2
1 1 2
2 1 2
1 1 1
2 1 1
1 1 0
2 1 0
2 2 10 12
1 2 9 11
3 15
0 2 16 17
2 2 14 12
1 2 13 11
3 19
0 2 20 21
1 2 18 22
2 2 4 6
1 2 3 5
3 24
0 2 25 26
2 2 8 6
1 2 7 5
3 28
0 2 29 30
1 2 27 31
0 2 32 23
2 3 10 12 14
1 3 9 11 13
3 34
0 2 35 36
1 1 37
2 3 4 6 8
1 3 3 5 7
3 39
0 2 40 41
1 1 42
0 2 43 38
3 33
0 2 44 45
