b17553fd-ba5a-4140-836c-491f938c515b
OK
60
1 1 0
2 1 0
1 1 1
2 1 1
1 1 2
2 1 2
1 1 0
2 1 0
1 1 1
2 1 1
1 1 2
2 1 2
2 1 10
1 1 9
3 15
0 2 16 17
2 1 12
1 1 11
3 19
0 2 20 21
2 1 14
1 1 13
3 23
0 2 24 25
1 3 18 22 26
2 1 4
1 1 3
3 28
0 2 29 30
2 1 6
1 1 5
3 32
0 2 33 34
2 1 8
1 1 7
3 36
0 2 37 38
1 3 31 35 39
0 2 40 27
2 2 10 12
1 2 9 11
3 42
0 2 43 44
2 2 14 12
1 2 13 11
3 46
0 2 47 48
1 2 45 49
2 2 4 6
1 2 3 5
3 51
0 2 52 53
2 2 8 6
1 2 7 5
3 55
0 2 56 57
1 2 54 58
0 2 59 50
3 41
0 2 60 61
