b17553fd-ba5a-4140-836c-491f938c515b
OK
44
1 1 0
2 1 0
1 2 1 2
2 2 1 2
1 1 3
2 1 3
1 1 1
2 1 1
1 2 0 3
2 2 0 3
1 1 2
2 1 2
2 2 11 13
1 2 10 12
3 16
0 2 17 18
2 2 15 13
1 2 14 12
3 20
0 2 21 22
1 2 19 23
2 2 5 7
1 2 4 6
3 25
0 2 26 27
2 2 9 7
1 2 8 6
3 29
0 2 30 31
1 2 28 32
0 2 33 24
2 3 11 13 15
1 3 10 12 14
3 35
0 2 36 37
1 1 38
2 3 5 7 9
1 3 4 6 8
3 40
0 2 41 42
1 1 43
0 2 44 39
3 34
0 2 45 46
