b17553fd-ba5a-4140-836c-491f938c515b
OK
80
1 1 0
2 1 0
1 2 1 3
2 2 1 3
1 2 2 4
2 2 2 4
1 1 5
2 1 5
1 1 2
2 1 2
1 2 1 5
2 2 1 5
1 2 0 4
2 2 0 4
1 1 3
2 1 3
2 1 15
1 1 14
3 22
0 2 23 24
2 1 17
1 1 16
3 26
0 2 27 28
2 1 19
1 1 18
3 30
0 2 31 32
2 1 21
1 1 20
3 34
0 2 35 36
1 4 25 29 33 37
2 1 7
1 1 6
3 39
0 2 40 41
2 1 9
1 1 8
3 43
0 2 44 45
2 1 11
1 1 10
3 47
0 2 48 49
2 1 13
1 1 12
3 51
0 2 52 53
1 4 42 46 50 54
0 2 55 38
2 2 15 17
1 2 14 16
3 57
0 2 58 59
2 2 19 17
1 2 18 16
3 61
0 2 62 63
2 2 19 21
1 2 18 20
3 65
0 2 66 67
1 3 60 64 68
2 2 7 9
1 2 6 8
3 70
0 2 71 72
2 2 11 9
1 2 10 8
3 74
0 2 75 76
2 2 11 13
1 2 10 12
3 78
0 2 79 80
1 3 73 77 81
0 2 82 69
3 56
0 2 83 84
