b17553fd-ba5a-4140-836c-491f938c515b
OK
100
1 1 0
2 1 0
1 2 1 3
2 2 1 3
1 3 2 4 6
2 3 2 4 6
1 2 5 7
2 2 5 7
1 1 8
2 1 8
1 1 2
2 1 2
1 2 1 5
2 2 1 5
1 3 0 4 8
2 3 0 4 8
1 2 3 7
2 2 3 7
1 1 6
2 1 6
2 1 20
1 1 19
3 29
0 2 30 31
2 1 22
1 1 21
3 33
0 2 34 35
2 1 24
1 1 23
3 37
0 2 38 39
2 1 26
1 1 25
3 41
0 2 42 43
2 1 28
1 1 27
3 45
0 2 46 47
1 5 32 36 40 44 48
2 1 10
1 1 9
3 50
0 2 51 52
2 1 12
1 1 11
3 54
0 2 55 56
2 1 14
1 1 13
3 58
0 2 59 60
2 1 16
1 1 15
3 62
0 2 63 64
2 1 18
1 1 17
3 66
0 2 67 68
1 5 53 57 61 65 69
0 2 70 49
2 2 20 22
1 2 19 21
3 72
0 2 73 74
2 2 24 22
1 2 23 21
3 76
0 2 77 78
2 2 24 26
1 2 23 25
3 80
0 2 81 82
2 2 28 26
1 2 27 25
3 84
0 2 85 86
1 4 75 79 83 87
2 2 10 12
1 2 9 11
3 89
0 2 90 91
2 2 14 12
1 2 13 11
3 93
0 2 94 95
2 2 14 16
1 2 13 15
3 97
0 2 98 99
2 2 18 16
1 2 17 15
3 101
0 2 102 103
1 4 92 96 100 104
0 2 105 88
3 71
0 2 106 107
