b17553fd-ba5a-4140-836c-491f938c515b
OK
84
1 1 0
2 1 0
1 2 1 3
2 2 1 3
1 3 2 4 6
2 3 2 4 6
1 2 5 7
2 2 5 7
1 1 8
2 1 8
1 1 2
2 1 2
1 2 1 5
2 2 1 5
1 3 0 4 8
2 3 0 4 8
1 2 3 7
2 2 3 7
1 1 6
2 1 6
2 2 20 22
1 2 19 21
3 29
0 2 30 31
2 2 24 22
1 2 23 21
3 33
0 2 34 35
2 2 24 26
1 2 23 25
3 37
0 2 38 39
2 2 28 26
1 2 27 25
3 41
0 2 42 43
1 4 32 36 40 44
2 2 10 12
1 2 9 11
3 46
0 2 47 48
2 2 14 12
1 2 13 11
3 50
0 2 51 52
2 2 14 16
1 2 13 15
3 54
0 2 55 56
2 2 18 16
1 2 17 15
3 58
0 2 59 60
1 4 49 53 57 61
0 2 62 45
2 3 20 22 24
1 3 19 21 23
3 64
0 2 65 66
2 3 26 22 24
1 3 25 21 23
3 68
0 2 69 70
2 3 26 28 24
1 3 25 27 23
3 72
0 2 73 74
1 3 67 71 75
2 3 10 12 14
1 3 9 11 13
3 77
0 2 78 79
2 3 16 12 14
1 3 15 11 13
3 81
0 2 82 83
2 3 16 18 14
1 3 15 17 13
3 85
0 2 86 87
1 3 80 84 88
0 2 89 76
3 63
0 2 90 91
