b17553fd-ba5a-4140-836c-491f938c515b
OK
68
1 1 0
2 1 0
1 2 1 3
2 2 1 3
1 3 2 4 6
2 3 2 4 6
1 2 5 7
2 2 5 7
1 1 8
2 1 8
1 1 2
2 1 2
1 2 1 5
2 2 1 5
1 3 0 4 8
2 3 0 4 8
1 2 3 7
2 2 3 7
1 1 6
2 1 6
2 3 20 22 24
1 3 19 21 23
3 29
0 2 30 31
2 3 26 22 24
1 3 25 21 23
3 33
0 2 34 35
2 3 26 28 24
1 3 25 27 23
3 37
0 2 38 39
1 3 32 36 40
2 3 10 12 14
1 3 9 11 13
3 42
0 2 43 44
2 3 16 12 14
1 3 15 11 13
3 46
0 2 47 48
2 3 16 18 14
1 3 15 17 13
3 50
0 2 51 52
1 3 45 49 53
0 2 54 41
2 4 20 22 24 26
1 4 19 21 23 25
3 56
0 2 57 58
2 4 28 22 24 26
1 4 27 21 23 25
3 60
0 2 61 62
1 2 59 63
2 4 10 12 14 16
1 4 9 11 13 15
3 65
0 2 66 67
2 4 18 12 14 16
1 4 17 11 13 15
3 69
0 2 70 71
1 2 68 72
0 2 73 64
3 55
0 2 74 75
