b17553fd-ba5a-4140-836c-491f938c515b
OK
52
1 1 0
2 1 0
1 2 1 3
2 2 1 3
1 3 2 4 6
2 3 2 4 6
1 2 5 7
2 2 5 7
1 1 8
2 1 8
1 1 2
2 1 2
1 2 1 5
2 2 1 5
1 3 0 4 8
2 3 0 4 8
1 2 3 7
2 2 3 7
1 1 6
2 1 6
2 4 20 22 24 26
1 4 19 21 23 25
3 29
0 2 30 31
2 4 28 22 24 26
1 4 27 21 23 25
3 33
0 2 34 35
1 2 32 36
2 4 10 12 14 16
1 4 9 11 13 15
3 38
0 2 39 40
2 4 18 12 14 16
1 4 17 11 13 15
3 42
0 2 43 44
1 2 41 45
0 2 46 37
2 5 20 22 24 26 28
1 5 19 21 23 25 27
3 48
0 2 49 50
1 1 51
2 5 10 12 14 16 18
1 5 9 11 13 15 17
3 53
0 2 54 55
1 1 56
0 2 57 52
3 47
0 2 58 59
