b17553fd-ba5a-4140-836c-491f938c515b
OK
40
1 1 0
2 1 0
1 1 1
2 1 1
1 1 1
2 1 1
1 1 0
2 1 0
2 1 7
1 1 6
3 10
0 2 11 12
2 1 9
1 1 8
3 14
0 2 15 16
1 2 13 17
2 1 3
1 1 2
3 19
0 2 20 21
2 1 5
1 1 4
3 23
0 2 24 25
1 2 22 26
0 2 27 18
2 2 7 9
1 2 6 8
3 29
0 2 30 31
1 1 32
2 2 3 5
1 2 2 4
3 34
0 2 35 36
1 1 37
0 2 38 33
3 28
0 2 39 40
