23
41 0
41 47
72 47
72 15
22 15
22 86
74 86
74 11
18 11
18 98
80 98
80 4
16 4
16 100
97 100
97 2
16 2
16 6
64 6
64 40
68 40
53 40
53 28
