9e46656f-28f5-4a1b-acb6-f2309f627891
OK
0 0 0 0 0 0 0 0 0 0 0
