d99f6469-b674-4a96-9c39-7bc072e22a4f
OK
1918856187
